Dell@DESKTOP-QH638OO MINGW64 /d/Hexaware2021/FullStackDigital/git practice (master)
$ git add .

Dell@DESKTOP-QH638OO MINGW64 /d/Hexaware2021/FullStackDigital/git practice (master)
$ git commit -m "modified linux file"
[master ac33630] modified linux file
 1 file changed, 7 insertions(+)

Dell@DESKTOP-QH638OO MINGW64 /d/Hexaware2021/FullStackDigital/git practice (master)
$ git push origin master
Enumerating objects: 5, done.
Counting objects: 100% (5/5), done.
Delta compression using up to 4 threads
Compressing objects: 100% (3/3), done.
Writing objects: 100% (3/3), 457 bytes | 457.00 KiB/s, done.
Total 3 (delta 2), reused 0 (delta 0), pack-reused 0
remote: Resolving deltas: 100% (2/2), completed with 2 local objects.
remote:
remote: Create a pull request for 'master' on GitHub by visiting:
remote:      https://github.com/Swapna-HW2021/demo/pull/new/master
remote:
To https://github.com/Swapna-HW2021/demo.git
 * [new branch]      master -> master

Dell@DESKTOP-QH638OO MINGW64 /d/Hexaware2021/FullStackDigital/git practice (master)
$ git status
On branch master
nothing to commit, working tree clean
